Time[ps]      Etot[eV]     Epot[eV]     Ekin[eV]    T[K]
0.0000         -586.041     -614.478       28.437  1100.0
0.0200         -586.459     -612.948       26.489  1024.6
0.0400         -585.607     -606.319       20.712   801.2
0.0600         -584.242     -606.114       21.871   846.0
0.0800         -583.658     -609.717       26.059  1008.0
0.1000         -583.771     -610.945       27.174  1051.1
Time[ps]      Etot[eV]     Epot[eV]     Ekin[eV]    T[K]
0.0000         -583.656     -613.386       29.730  1150.0
0.0200         -584.204     -611.766       27.562  1066.2
0.0400         -583.416     -605.627       22.211   859.2
0.0600         -581.967     -605.312       23.344   903.0
0.0800         -581.180     -609.381       28.200  1090.8
0.1000         -581.266     -610.977       29.711  1149.3
Time[ps]      Etot[eV]     Epot[eV]     Ekin[eV]    T[K]
0.0000         -581.109     -612.132       31.022  1200.0
0.0200         -581.782     -610.847       29.066  1124.3
0.0400         -581.086     -604.824       23.738   918.2
0.0600         -579.785     -605.377       25.592   989.9
0.0800         -579.293     -608.271       28.978  1120.9
0.1000         -579.478     -609.964       30.487  1179.3
Time[ps]      Etot[eV]     Epot[eV]     Ekin[eV]    T[K]
0.0000         -586.041     -614.478       28.437  1100.0
0.0200         -586.459     -612.948       26.489  1024.6
0.0400         -585.607     -606.319       20.712   801.2
0.0600         -584.242     -606.114       21.871   846.0
0.0800         -583.658     -609.717       26.059  1008.0
0.1000         -583.771     -610.945       27.174  1051.1
Time[ps]      Etot[eV]     Epot[eV]     Ekin[eV]    T[K]
0.0000         -583.656     -613.386       29.730  1150.0
0.0200         -584.204     -611.766       27.562  1066.2
0.0400         -583.416     -605.627       22.211   859.2
0.0600         -581.967     -605.312       23.344   903.0
0.0800         -581.180     -609.381       28.200  1090.8
0.1000         -581.266     -610.977       29.711  1149.3
Time[ps]      Etot[eV]     Epot[eV]     Ekin[eV]    T[K]
0.0000         -581.109     -612.132       31.022  1200.0
0.0200         -581.782     -610.847       29.066  1124.3
0.0400         -581.086     -604.824       23.738   918.2
0.0600         -579.785     -605.377       25.592   989.9
0.0800         -579.293     -608.271       28.978  1120.9
0.1000         -579.478     -609.964       30.487  1179.3
Time[ps]      Etot[eV]     Epot[eV]     Ekin[eV]    T[K]
0.0000         -586.041     -614.478       28.437  1100.0
0.0200         -586.459     -612.948       26.489  1024.6
0.0400         -585.607     -606.319       20.712   801.2
0.0600         -584.242     -606.114       21.871   846.0
0.0800         -583.658     -609.717       26.059  1008.0
0.1000         -583.771     -610.945       27.174  1051.1
Time[ps]      Etot[eV]     Epot[eV]     Ekin[eV]    T[K]
0.0000         -583.656     -613.386       29.730  1150.0
0.0200         -584.204     -611.766       27.562  1066.2
0.0400         -583.416     -605.627       22.211   859.2
0.0600         -581.967     -605.312       23.344   903.0
0.0800         -581.180     -609.381       28.200  1090.8
0.1000         -581.266     -610.977       29.711  1149.3
Time[ps]      Etot[eV]     Epot[eV]     Ekin[eV]    T[K]
0.0000         -581.109     -612.132       31.022  1200.0
0.0200         -581.782     -610.847       29.066  1124.3
0.0400         -581.086     -604.824       23.738   918.2
0.0600         -579.785     -605.377       25.592   989.9
0.0800         -579.293     -608.271       28.978  1120.9
0.1000         -579.478     -609.964       30.487  1179.3
