Time[ps]      Etot[eV]     Epot[eV]     Ekin[eV]    T[K]
0.0000         -619.434     -647.406       27.972  1087.4
0.0200         -619.452     -646.233       26.781  1041.1
0.0400         -619.495     -645.515       26.021  1011.6
0.0600         -619.404     -645.597       26.193  1018.3
0.0800         -619.485     -647.475       27.990  1088.1
0.1000         -619.411     -647.449       28.038  1090.0
Time[ps]      Etot[eV]     Epot[eV]     Ekin[eV]    T[K]
0.0000         -616.337     -644.530       28.192  1096.0
0.0200         -616.342     -642.948       26.606  1034.3
0.0400         -616.298     -642.637       26.339  1024.0
0.0600         -616.464     -646.156       29.692  1154.3
0.0800         -616.383     -646.740       30.357  1180.1
0.1000         -616.292     -646.011       29.719  1155.3
Time[ps]      Etot[eV]     Epot[eV]     Ekin[eV]    T[K]
0.0000         -613.708     -643.979       30.272  1176.9
0.0200         -613.548     -642.625       29.077  1130.4
0.0400         -613.662     -643.809       30.147  1172.0
0.0600         -613.627     -645.521       31.893  1239.9
0.0800         -613.671     -645.772       32.101  1248.0
0.1000         -613.666     -644.763       31.097  1208.9
Time[ps]      Etot[eV]     Epot[eV]     Ekin[eV]    T[K]
0.0000         -619.434     -647.406       27.972  1087.4
0.0200         -619.452     -646.233       26.781  1041.1
0.0400         -619.495     -645.515       26.021  1011.6
0.0600         -619.404     -645.597       26.193  1018.3
0.0800         -619.485     -647.475       27.990  1088.1
0.1000         -619.411     -647.449       28.038  1090.0
Time[ps]      Etot[eV]     Epot[eV]     Ekin[eV]    T[K]
0.0000         -616.337     -644.530       28.192  1096.0
0.0200         -616.342     -642.948       26.606  1034.3
0.0400         -616.298     -642.637       26.339  1024.0
0.0600         -616.464     -646.156       29.692  1154.3
0.0800         -616.383     -646.740       30.357  1180.1
0.1000         -616.292     -646.011       29.719  1155.3
Time[ps]      Etot[eV]     Epot[eV]     Ekin[eV]    T[K]
0.0000         -613.708     -643.979       30.272  1176.9
0.0200         -613.548     -642.625       29.077  1130.4
0.0400         -613.662     -643.809       30.147  1172.0
0.0600         -613.627     -645.521       31.893  1239.9
0.0800         -613.671     -645.772       32.101  1248.0
0.1000         -613.666     -644.763       31.097  1208.9
